import abc


class Greet_MethodMixin_ABC(abc.ABC):
    @abc.abstractmethod
    def _greet(self, greeting: str) -> str | list[int] | None:
        raise NotImplementedError()
