class Greet_UsingConstant_MethodMixin:
   def _greet(self) -> None:
        print("Hello World!")
