class Greeting_UsingConstant_PropertyMixin:
    @property
    def _greeting(self) -> str:
        return "Hello world!"
