"""fy
flow HelloWorld -> None:
"""

from base.execution_flow_base import ExecutionFlowBase


# fy:start <<<===
# NOTE: The code block between the fy:start and fy:end comments is automatically generated by the fy tool.
# Any manual changes made to this code will be overwritten the next time the tool is executed against this
# particular file, as it regenerates the code.
# To maintain changes, you should edit the docstring block at the top of the file marked with """fy ...""",
# which the `fy` tool uses to customize the generated output.


class HelloWorld_Flow(
    # Base
    ExecutionFlowBase[None]
):
    def __call__(self) -> None:
        # fy:end <<<===
        print("Hello world!")
