from base.execution_flow_base import ExecutionFlowBase


class HelloWorld_Flow(
    # Base
    ExecutionFlowBase[None]
):
    def __call__(self) -> None:
        print("Hello world!")
