"""fy
flow HelloWorld -> None:
    property greeting using constant
"""

from base.execution_flow_base import ExecutionFlowBase

from fy_py_files.test_fy_py_files.hello_world_using_property.property.using_constant_fy import (
    Greeting_UsingConstant_PropertyMixin,
)


# fy:start <<<===
class Helloworld_Flow(
    # Property Mixins
    Greeting_UsingConstant_PropertyMixin,
    # Base
    ExecutionFlowBase[None]
):
    def __call__(self) -> None:
        # fy:end <<<===
        print(self._greeting)
