from base.execution_flow_base import ExecutionFlowBase

from tests.test_fy_files.both_mixins import Greeting_UsingConstant_PropertyMixin

from tests.test_fy_files.both_mixins import Greet_UsingGreeting_MethodMixin


class HelloWorld_Flow(
    # Property Mixins
    Greeting_UsingConstant_PropertyMixin,

    # Method Mixins
    Greet_UsingGreeting_MethodMixin,

    # Base
    ExecutionFlowBase[None]
):
    def __call__(self) -> None:
        self._greet()
