import abc

from tests.test_fy_files.both_mixins import With_Greeting_PropertyMixin_ABC


class Greet_UsingGreeting_MethodMixin(
    # Property_mixins
    With_Greeting_PropertyMixin_ABC,
    abc.ABC
):
    def _greet(self) -> None:
        print(self._greeting)
