from base.execution_flow_base import ExecutionFlowBase

from tests.test_fy_files.flow_using_method_and_property_mixin import Greeting_UsingConstant_PropertyMixin

from tests.test_fy_files.flow_using_method_and_property_mixin import Greet_UsingGreeting_MethodMixin


class HelloWorld_Flow(
    # Property Mixins
    Greeting_UsingConstant_PropertyMixin,

    # Method Mixins
    Greet_UsingGreeting_MethodMixin,

    # Base
    ExecutionFlowBase[None]
):
    def __call__(self) -> None:
        self._greet()
