from base.execution_flow_base import ExecutionFlowBase

from tests.test_fy_files.hello_world_using_property import Greeting_UsingConstant_PropertyMixin


class HelloWorld_Flow(
    # Property Mixins
    Greeting_UsingConstant_PropertyMixin,

    # Base
    ExecutionFlowBase[None]
):
    def __call__(self) -> None:
        print(self._greeting)
