import abc


class Encrypt_MethodMixin_ABC(abc.ABC):
    @abc.abstractmethod
    def _encrypt(self, message: str) -> str:
        raise NotImplementedError()
